
╭───────────────────── Collecting bug context: Closure-3 ──────────────────────╮
│ Version 3b  •  Work dir: .dist\study\work_v2\postfix\Closure_3b              │
╰──────────────────────────────────────────────────────────────────────────────╯
  * Querying bug metadata  done (0.3s)
  * Metadata retrieved  6 fields
  * Fetching bug info (Closure-3)  done (0.1s)
  * Bug info retrieved  2308 chars
  * Fetching bug report page  done (0.7s)
  * Bug report fetched  963 chars via generic (707ms)
  * Checking out Closure 3b  done (104.9s)
  * Compiling buggy version  done (243.0s)
  * Running tests on buggy version  done (778.4s)
  * Parsing test failures...
  * Failing tests found: 3  
com.google.javascript.jscomp.FlowSensitiveInlineVariablesTest::testDoNotInlineCa
tchExpression1a, 
com.google.javascript.jscomp.FlowSensitiveInlineVariablesTest::testDoNotInlineCa
tchExpression1, 
com.google.javascript.jscomp.FlowSensitiveInlineVariablesTest::testDoNotInlineCa
tchExpression3
  * Exporting Defects4J properties...  done (101.1s)
  * Properties exported  8 properties
  * Selecting suspicious stack frames...
  * Suspicious frames: 4
  * Discovering source directories...
  * Source directories: 2
  * Hidden oracle stored  classes.modified (excluded from prompt)
  * Running coverage for 
com.google.javascript.jscomp.FlowSensitiveInlineVariablesTest::testDoNotInlineCa
tchExpression1a  done (540.1s)
  * Running coverage for 
com.google.javascript.jscomp.FlowSensitiveInlineVariablesTest::testDoNotInlineCa
tchExpression1  done (314.8s)
  * Running coverage for 
com.google.javascript.jscomp.FlowSensitiveInlineVariablesTest::testDoNotInlineCa
tchExpression3  done (322.4s)
  * Coverage parsed: 390 class(es) across 3 trigger test(s)
  * Suspicious frames extended with coverage  +8 class(es), no stack-trace 
signal
  * Extracting code snippets from suspicious frames...  done (0.0s)
  * Production code snippets: 12
  * Extracting test source code...  done (0.0s)
  * Test code snippets: 1
  * Collecting buggy→fixed diff (post-fix oracle)...  done (118.5s)
  * Fix diff collected  1183 chars
  * Writing context -> 
.dist\study\artifacts_v2\postfix\Closure_3_postfix\context.json

╭──────────────────────────── Collection complete ─────────────────────────────╮
│   Project                Closure-3 (3b)                                      │
│   Failing tests          3                                                   │
│   Suspicious frames      12                                                  │
│   Production snippets    12                                                  │
│   Test snippets          1                                                   │
│   Bug report             fetched                                             │
│   Bug info               fetched                                             │
│   Fix diff               1183 chars                                          │
│   Coverage classes       390                                                 │
│   Output                 .dist\study\artifacts_v2\postfix\Closure_3_postf…   │
╰──────────────────────────────────────────────────────────────────────────────╯

╭───────────────────── Collecting bug context: Closure-4 ──────────────────────╮
│ Version 4b  •  Work dir: .dist\study\work_v2\postfix\Closure_4b              │
╰──────────────────────────────────────────────────────────────────────────────╯
  * Querying bug metadata  done (0.3s)
  * Metadata retrieved  6 fields
  * Fetching bug info (Closure-4)  done (0.2s)
  * Bug info retrieved  2560 chars
  * Fetching bug report page  done (0.7s)
  * Bug report fetched  963 chars via generic (741ms)
  * Checking out Closure 4b  done (112.6s)
  * Compiling buggy version  done (259.0s)
  * Running tests on buggy version  done (808.6s)
  * Parsing test failures...
  * Failing tests found: 3  
com.google.javascript.jscomp.TypeCheckTest::testImplementsExtendsLoop, 
com.google.javascript.jscomp.TypeCheckTest::testImplementsLoop, 
com.google.javascript.jscomp.TypeCheckTest::testConversionFromInterfaceToRecursi
veConstructor
  * Exporting Defects4J properties...  done (113.2s)
  * Properties exported  8 properties
  * Selecting suspicious stack frames...
  * Suspicious frames: 3
  * Discovering source directories...
  * Source directories: 2
  * Hidden oracle stored  classes.modified (excluded from prompt)
  * Running coverage for 
com.google.javascript.jscomp.TypeCheckTest::testImplementsExtendsLoop  done 
(621.4s)
  * Running coverage for 
com.google.javascript.jscomp.TypeCheckTest::testImplementsLoop  done (337.2s)
  * Running coverage for 
com.google.javascript.jscomp.TypeCheckTest::testConversionFromInterfaceToRecursi
veConstructor  done (322.3s)
  * Coverage parsed: 390 class(es) across 3 trigger test(s)
  * Suspicious frames extended with coverage  +9 class(es), no stack-trace 
signal
  * Extracting code snippets from suspicious frames...  done (0.0s)
  * Production code snippets: 12
  * Extracting test source code...  done (0.0s)
  * Test code snippets: 1
  * Collecting buggy→fixed diff (post-fix oracle)...  done (108.9s)
  * Fix diff collected  647 chars
  * Writing context -> 
.dist\study\artifacts_v2\postfix\Closure_4_postfix\context.json

╭──────────────────────────── Collection complete ─────────────────────────────╮
│   Project                Closure-4 (4b)                                      │
│   Failing tests          3                                                   │
│   Suspicious frames      12                                                  │
│   Production snippets    12                                                  │
│   Test snippets          1                                                   │
│   Bug report             fetched                                             │
│   Bug info               fetched                                             │
│   Fix diff               647 chars                                           │
│   Coverage classes       390                                                 │
│   Output                 .dist\study\artifacts_v2\postfix\Closure_4_postf…   │
╰──────────────────────────────────────────────────────────────────────────────╯

╭───────────────────── Collecting bug context: Closure-5 ──────────────────────╮
│ Version 5b  •  Work dir: .dist\study\work_v2\postfix\Closure_5b              │
╰──────────────────────────────────────────────────────────────────────────────╯
  * Querying bug metadata  done (0.3s)
  * Metadata retrieved  6 fields
  * Fetching bug info (Closure-5)  done (0.1s)
  * Bug info retrieved  2001 chars
  * Fetching bug report page  done (0.7s)
  * Bug report fetched  940 chars via generic (746ms)
  * Checking out Closure 5b  done (105.5s)
  * Compiling buggy version  done (240.3s)
  * Running tests on buggy version  done (773.2s)
  * Parsing test failures...
  * Failing tests found: 1  
com.google.javascript.jscomp.InlineObjectLiteralsTest::testNoInlineDeletedProper
ties
  * Exporting Defects4J properties...  done (101.1s)
  * Properties exported  8 properties
  * Selecting suspicious stack frames...
  * Suspicious frames: 5
  * Discovering source directories...
  * Source directories: 2
  * Hidden oracle stored  classes.modified (excluded from prompt)
  * Running coverage for 
com.google.javascript.jscomp.InlineObjectLiteralsTest::testNoInlineDeletedProper
ties  done (553.9s)
  * Coverage parsed: 386 class(es) across 1 trigger test(s)
  * Suspicious frames extended with coverage  +7 class(es), no stack-trace 
signal
  * Extracting code snippets from suspicious frames...  done (0.0s)
  * Production code snippets: 12
  * Extracting test source code...  done (0.0s)
  * Test code snippets: 1
  * Collecting buggy→fixed diff (post-fix oracle)...  done (112.2s)
  * Fix diff collected  520 chars
  * Writing context -> 
.dist\study\artifacts_v2\postfix\Closure_5_postfix\context.json

╭──────────────────────────── Collection complete ─────────────────────────────╮
│   Project                Closure-5 (5b)                                      │
│   Failing tests          1                                                   │
│   Suspicious frames      12                                                  │
│   Production snippets    12                                                  │
│   Test snippets          1                                                   │
│   Bug report             fetched                                             │
│   Bug info               fetched                                             │
│   Fix diff               520 chars                                           │
│   Coverage classes       386                                                 │
│   Output                 .dist\study\artifacts_v2\postfix\Closure_5_postf…   │
╰──────────────────────────────────────────────────────────────────────────────╯
[clean] removing stale checkout .dist\study\work_v2\postfix\Closure_3b

=== Closure-3 postfix ===
C:\WORK\IUT\Research\implementation\.venv\Scripts\python.exe -m d4j_odc_pipeline collect --project Closure --bug 3 --output .dist\study\artifacts_v2\postfix\Closure_3_postfix\context.json --work-dir .dist\study\work_v2\postfix\Closure_3b --include-fix-diff
[ok] Closure-3 postfix (exit 0)
[clean] removing stale checkout .dist\study\work_v2\postfix\Closure_4b

=== Closure-4 postfix ===
C:\WORK\IUT\Research\implementation\.venv\Scripts\python.exe -m d4j_odc_pipeline collect --project Closure --bug 4 --output .dist\study\artifacts_v2\postfix\Closure_4_postfix\context.json --work-dir .dist\study\work_v2\postfix\Closure_4b --include-fix-diff
[ok] Closure-4 postfix (exit 0)
[clean] removing stale checkout .dist\study\work_v2\postfix\Closure_5b

=== Closure-5 postfix ===
C:\WORK\IUT\Research\implementation\.venv\Scripts\python.exe -m d4j_odc_pipeline collect --project Closure --bug 5 --output .dist\study\artifacts_v2\postfix\Closure_5_postfix\context.json --work-dir .dist\study\work_v2\postfix\Closure_5b --include-fix-diff
[ok] Closure-5 postfix (exit 0)

=== summary ===
Closure-3 postfix: OK
Closure-4 postfix: OK
Closure-5 postfix: OK
