
╭───────────────────── Collecting bug context: Closure-2 ──────────────────────╮
│ Version 2b  •  Work dir: .dist\study\work_v2\postfix\Closure_2b              │
╰──────────────────────────────────────────────────────────────────────────────╯
  * Querying bug metadata  done (0.3s)
  * Metadata retrieved  6 fields
  * Fetching bug info (Closure-2)  done (0.2s)
  * Bug info retrieved  1986 chars
  * Fetching bug report page  done (0.5s)
  * Bug report fetched  6306 chars via generic (538ms)
  * Checking out Closure 2b  done (107.6s)
  * Compiling buggy version  done (242.6s)
  * Running tests on buggy version  done (818.6s)
  * Parsing test failures...
  * Failing tests found: 1  
com.google.javascript.jscomp.TypeCheckTest::testBadInterfaceExtendsNonExistentIn
terfaces
  * Exporting Defects4J properties...  done (98.4s)
  * Properties exported  8 properties
  * Selecting suspicious stack frames...
  * Suspicious frames: 9
  * Discovering source directories...
  * Source directories: 2
  * Hidden oracle stored  classes.modified (excluded from prompt)
  * Running coverage for 
com.google.javascript.jscomp.TypeCheckTest::testBadInterfaceExtendsNonExistentIn
terfaces  done (549.7s)
  * Coverage parsed: 389 class(es) across 1 trigger test(s)
  * Suspicious frames extended with coverage  +3 class(es), no stack-trace 
signal
  * Extracting code snippets from suspicious frames...  done (0.0s)
  * Production code snippets: 12
  * Extracting test source code...  done (0.0s)
  * Test code snippets: 1
  * Collecting buggy→fixed diff (post-fix oracle)...  done (107.7s)
  * Fix diff collected  710 chars
  * Writing context -> 
.dist\study\artifacts_v2\postfix\Closure_2_postfix\context.json

╭──────────────────────────── Collection complete ─────────────────────────────╮
│   Project                Closure-2 (2b)                                      │
│   Failing tests          1                                                   │
│   Suspicious frames      12                                                  │
│   Production snippets    12                                                  │
│   Test snippets          1                                                   │
│   Bug report             fetched                                             │
│   Bug info               fetched                                             │
│   Fix diff               710 chars                                           │
│   Coverage classes       389                                                 │
│   Output                 .dist\study\artifacts_v2\postfix\Closure_2_postf…   │
╰──────────────────────────────────────────────────────────────────────────────╯

=== Closure-2 postfix ===
C:\WORK\IUT\Research\implementation\.venv\Scripts\python.exe -m d4j_odc_pipeline collect --project Closure --bug 2 --output .dist\study\artifacts_v2\postfix\Closure_2_postfix\context.json --work-dir .dist\study\work_v2\postfix\Closure_2b --include-fix-diff
[ok] Closure-2 postfix (exit 0)

=== summary ===
Closure-2 postfix: OK
